{
  "Subject": [
    {
      "Title": null,
      "Description": null
    }
  ]
}
